<p class="bn-inline-content">I love <span>#<span>BlockNote</span></span></p>