<p class="bn-inline-content">I enjoy working with<span>@Matthew</span></p>