<div class="blockGroup" data-node-type="blockGroup"><div class="blockOuter" data-node-type="block-outer"><div class="block" data-node-type="blockContainer"><div class="blockContent" data-content-type="image" data-url="exampleURL" data-caption="Caption" data-width="256"><figure><img src="exampleURL"><figcaption>Caption</figcaption></figure></div><div class="blockGroup" data-node-type="blockGroup"><div class="blockOuter" data-node-type="block-outer"><div class="block" data-node-type="blockContainer"><div class="blockContent" data-content-type="image" data-url="exampleURL" data-caption="Caption" data-width="256"><figure><img src="exampleURL"><figcaption>Caption</figcaption></figure></div></div></div></div></div></div></div>