<div class="_blockGroup_1c48ad" data-node-type="blockGroup"><div class="_blockOuter_1c48ad" data-node-type="block-outer"><div class="_block_1c48ad" data-node-type="blockContainer"><div class="_blockContent_1c48ad" data-content-type="image"><p>Add Image</p></div></div></div></div>