<div class="blockGroup" data-node-type="blockGroup"><div data-id="1" data-text-color="orange" data-background-color="pink" class="blockOuter" data-node-type="block-outer"><div class="block" data-node-type="blockContainer" data-id="1" data-text-color="orange" data-background-color="pink"><div class="blockContent" data-content-type="paragraph" data-text-alignment="center"><p class="inlineContent">Plain <span data-text-color="red">Red Text </span><span data-background-color="blue">Blue Background </span><span data-text-color="red"><span data-background-color="blue">Mixed Colors</span></span></p></div></div></div></div>