<p class="inlineContent">Paragraph</p><p class="inlineContent">Nested Paragraph 1</p><p class="inlineContent">Nested Paragraph 2</p>