<div class="blockGroup" data-node-type="blockGroup"><div data-id="1" class="blockOuter" data-node-type="block-outer"><div class="block" data-node-type="blockContainer" data-id="1"><div class="blockContent" data-content-type="paragraph"><p class="inlineContent">Paragraph</p></div><div class="blockGroup" data-node-type="blockGroup"><div data-id="2" class="blockOuter" data-node-type="block-outer"><div class="block" data-node-type="blockContainer" data-id="2"><div class="blockContent" data-content-type="paragraph"><p class="inlineContent">Nested Paragraph 1</p></div></div></div><div data-id="3" class="blockOuter" data-node-type="block-outer"><div class="block" data-node-type="blockContainer" data-id="3"><div class="blockContent" data-content-type="paragraph"><p class="inlineContent">Nested Paragraph 2</p></div></div></div></div></div></div></div>