<div class="blockGroup" data-node-type="blockGroup"><div data-id="1" class="blockOuter" data-node-type="block-outer"><div class="block" data-node-type="blockContainer" data-id="1"><div class="blockContent" data-content-type="paragraph"><p class="inlineContent">Paragraph</p></div></div></div></div>