// Vitest Snapshot v1, https://vitest.dev/guide/snapshot.html

exports[`Convert images to structured HTML > Convert add image button to structured HTML 1`] = `"<div class=\\"_blockGroup_1c48ad\\" data-node-type=\\"blockGroup\\"><div class=\\"_blockOuter_1c48ad\\" data-node-type=\\"block-outer\\"><div class=\\"_block_1c48ad\\" data-node-type=\\"blockContainer\\"><div class=\\"_blockContent_1c48ad\\" data-content-type=\\"image\\"><p>Add Image</p></div></div></div></div>"`;

exports[`Convert images to structured HTML > Convert add image button to structured HTML 2`] = `"<div class=\\"_blockGroup_1c48ad\\" data-node-type=\\"blockGroup\\"><div class=\\"_blockOuter_1c48ad\\" data-node-type=\\"block-outer\\"><div class=\\"_block_1c48ad\\" data-node-type=\\"blockContainer\\"><div class=\\"_blockContent_1c48ad\\" data-content-type=\\"image\\"><p>Add Image</p></div></div></div></div>"`;

exports[`Convert images to structured HTML > Convert add image button to structured HTML 3`] = `"<p>Add Image</p>"`;

exports[`Convert images to structured HTML > Convert add image button to structured HTML 4`] = `"<p>Add Image</p>"`;

exports[`Convert images to structured HTML > Convert image to structured HTML 1`] = `"<div class=\\"_blockGroup_1c48ad\\" data-node-type=\\"blockGroup\\"><div class=\\"_blockOuter_1c48ad\\" data-node-type=\\"block-outer\\"><div class=\\"_block_1c48ad\\" data-node-type=\\"blockContainer\\"><div class=\\"_blockContent_1c48ad\\" data-content-type=\\"image\\" data-url=\\"exampleURL\\" data-caption=\\"Caption\\" data-width=\\"256\\"><figure><img src=\\"exampleURL\\"><figcaption>Caption</figcaption></figure></div></div></div></div>"`;

exports[`Convert images to structured HTML > Convert image to structured HTML 2`] = `"<div class=\\"_blockGroup_1c48ad\\" data-node-type=\\"blockGroup\\"><div class=\\"_blockOuter_1c48ad\\" data-node-type=\\"block-outer\\"><div class=\\"_block_1c48ad\\" data-node-type=\\"blockContainer\\"><div class=\\"_blockContent_1c48ad\\" data-content-type=\\"image\\" data-url=\\"exampleURL\\" data-caption=\\"Caption\\" data-width=\\"256\\"><figure><img src=\\"exampleURL\\"><figcaption>Caption</figcaption></figure></div></div></div></div>"`;

exports[`Convert images to structured HTML > Convert image to structured HTML 3`] = `"<figure><img src=\\"exampleURL\\"><figcaption>Caption</figcaption></figure>"`;

exports[`Convert images to structured HTML > Convert image to structured HTML 4`] = `"<figure><img src=\\"exampleURL\\"><figcaption>Caption</figcaption></figure>"`;

exports[`Convert images to structured HTML > Convert nested image to structured HTML 1`] = `"<div class=\\"_blockGroup_1c48ad\\" data-node-type=\\"blockGroup\\"><div class=\\"_blockOuter_1c48ad\\" data-node-type=\\"block-outer\\"><div class=\\"_block_1c48ad\\" data-node-type=\\"blockContainer\\"><div class=\\"_blockContent_1c48ad\\" data-content-type=\\"image\\" data-url=\\"exampleURL\\" data-caption=\\"Caption\\" data-width=\\"256\\"><figure><img src=\\"exampleURL\\"><figcaption>Caption</figcaption></figure></div><div class=\\"_blockGroup_1c48ad\\" data-node-type=\\"blockGroup\\"><div class=\\"_blockOuter_1c48ad\\" data-node-type=\\"block-outer\\"><div class=\\"_block_1c48ad\\" data-node-type=\\"blockContainer\\"><div class=\\"_blockContent_1c48ad\\" data-content-type=\\"image\\" data-url=\\"exampleURL\\" data-caption=\\"Caption\\" data-width=\\"256\\"><figure><img src=\\"exampleURL\\"><figcaption>Caption</figcaption></figure></div></div></div></div></div></div></div>"`;

exports[`Convert images to structured HTML > Convert nested image to structured HTML 2`] = `"<div class=\\"_blockGroup_1c48ad\\" data-node-type=\\"blockGroup\\"><div class=\\"_blockOuter_1c48ad\\" data-node-type=\\"block-outer\\"><div class=\\"_block_1c48ad\\" data-node-type=\\"blockContainer\\"><div class=\\"_blockContent_1c48ad\\" data-content-type=\\"image\\" data-url=\\"exampleURL\\" data-caption=\\"Caption\\" data-width=\\"256\\"><figure><img src=\\"exampleURL\\"><figcaption>Caption</figcaption></figure></div><div class=\\"_blockGroup_1c48ad\\" data-node-type=\\"blockGroup\\"><div class=\\"_blockOuter_1c48ad\\" data-node-type=\\"block-outer\\"><div class=\\"_block_1c48ad\\" data-node-type=\\"blockContainer\\"><div class=\\"_blockContent_1c48ad\\" data-content-type=\\"image\\" data-url=\\"exampleURL\\" data-caption=\\"Caption\\" data-width=\\"256\\"><figure><img src=\\"exampleURL\\"><figcaption>Caption</figcaption></figure></div></div></div></div></div></div></div>"`;

exports[`Convert images to structured HTML > Convert nested image to structured HTML 3`] = `"<figure><img src=\\"exampleURL\\"><figcaption>Caption</figcaption></figure><figure><img src=\\"exampleURL\\"><figcaption>Caption</figcaption></figure>"`;

exports[`Convert images to structured HTML > Convert nested image to structured HTML 4`] = `"<figure><img src=\\"exampleURL\\"><figcaption>Caption</figcaption></figure><figure><img src=\\"exampleURL\\"><figcaption>Caption</figcaption></figure>"`;

exports[`Convert paragraphs to structured HTML > Convert nested paragraph to structured HTML 1`] = `"<div class=\\"_blockGroup_1c48ad\\" data-node-type=\\"blockGroup\\"><div class=\\"_blockOuter_1c48ad\\" data-node-type=\\"block-outer\\"><div class=\\"_block_1c48ad\\" data-node-type=\\"blockContainer\\"><div class=\\"_blockContent_1c48ad\\" data-content-type=\\"paragraph\\"><p class=\\"_inlineContent_1c48ad\\">Paragraph</p></div><div class=\\"_blockGroup_1c48ad\\" data-node-type=\\"blockGroup\\"><div class=\\"_blockOuter_1c48ad\\" data-node-type=\\"block-outer\\"><div class=\\"_block_1c48ad\\" data-node-type=\\"blockContainer\\"><div class=\\"_blockContent_1c48ad\\" data-content-type=\\"paragraph\\"><p class=\\"_inlineContent_1c48ad\\">Nested Paragraph 1</p></div></div></div><div class=\\"_blockOuter_1c48ad\\" data-node-type=\\"block-outer\\"><div class=\\"_block_1c48ad\\" data-node-type=\\"blockContainer\\"><div class=\\"_blockContent_1c48ad\\" data-content-type=\\"paragraph\\"><p class=\\"_inlineContent_1c48ad\\">Nested Paragraph 2</p></div></div></div></div></div></div></div>"`;

exports[`Convert paragraphs to structured HTML > Convert nested paragraph to structured HTML 2`] = `"<div class=\\"_blockGroup_1c48ad\\" data-node-type=\\"blockGroup\\"><div class=\\"_blockOuter_1c48ad\\" data-node-type=\\"block-outer\\"><div class=\\"_block_1c48ad\\" data-node-type=\\"blockContainer\\"><div class=\\"_blockContent_1c48ad\\" data-content-type=\\"paragraph\\"><p class=\\"_inlineContent_1c48ad\\">Paragraph</p></div><div class=\\"_blockGroup_1c48ad\\" data-node-type=\\"blockGroup\\"><div class=\\"_blockOuter_1c48ad\\" data-node-type=\\"block-outer\\"><div class=\\"_block_1c48ad\\" data-node-type=\\"blockContainer\\"><div class=\\"_blockContent_1c48ad\\" data-content-type=\\"paragraph\\"><p class=\\"_inlineContent_1c48ad\\">Nested Paragraph 1</p></div></div></div><div class=\\"_blockOuter_1c48ad\\" data-node-type=\\"block-outer\\"><div class=\\"_block_1c48ad\\" data-node-type=\\"blockContainer\\"><div class=\\"_blockContent_1c48ad\\" data-content-type=\\"paragraph\\"><p class=\\"_inlineContent_1c48ad\\">Nested Paragraph 2</p></div></div></div></div></div></div></div>"`;

exports[`Convert paragraphs to structured HTML > Convert nested paragraph to structured HTML 3`] = `"<p class=\\"_inlineContent_1c48ad\\">Paragraph</p><p class=\\"_inlineContent_1c48ad\\">Nested Paragraph 1</p><p class=\\"_inlineContent_1c48ad\\">Nested Paragraph 2</p>"`;

exports[`Convert paragraphs to structured HTML > Convert nested paragraph to structured HTML 4`] = `"<p class=\\"_inlineContent_1c48ad\\">Paragraph</p><p class=\\"_inlineContent_1c48ad\\">Nested Paragraph 1</p><p class=\\"_inlineContent_1c48ad\\">Nested Paragraph 2</p>"`;

exports[`Convert paragraphs to structured HTML > Convert paragraph to structured HTML 1`] = `"<div class=\\"_blockGroup_1c48ad\\" data-node-type=\\"blockGroup\\"><div class=\\"_blockOuter_1c48ad\\" data-node-type=\\"block-outer\\"><div class=\\"_block_1c48ad\\" data-node-type=\\"blockContainer\\"><div class=\\"_blockContent_1c48ad\\" data-content-type=\\"paragraph\\"><p class=\\"_inlineContent_1c48ad\\">Paragraph</p></div></div></div></div>"`;

exports[`Convert paragraphs to structured HTML > Convert paragraph to structured HTML 2`] = `"<div class=\\"_blockGroup_1c48ad\\" data-node-type=\\"blockGroup\\"><div class=\\"_blockOuter_1c48ad\\" data-node-type=\\"block-outer\\"><div class=\\"_block_1c48ad\\" data-node-type=\\"blockContainer\\"><div class=\\"_blockContent_1c48ad\\" data-content-type=\\"paragraph\\"><p class=\\"_inlineContent_1c48ad\\">Paragraph</p></div></div></div></div>"`;

exports[`Convert paragraphs to structured HTML > Convert paragraph to structured HTML 3`] = `"<p class=\\"_inlineContent_1c48ad\\">Paragraph</p>"`;

exports[`Convert paragraphs to structured HTML > Convert paragraph to structured HTML 4`] = `"<p class=\\"_inlineContent_1c48ad\\">Paragraph</p>"`;

exports[`Convert paragraphs to structured HTML > Convert styled paragraph to structured HTML 1`] = `"<div class=\\"_blockGroup_1c48ad\\" data-node-type=\\"blockGroup\\"><div data-text-color=\\"red\\" data-background-color=\\"blue\\" class=\\"_blockOuter_1c48ad\\" data-node-type=\\"block-outer\\"><div class=\\"_block_1c48ad\\" data-node-type=\\"blockContainer\\" data-text-color=\\"red\\" data-background-color=\\"blue\\"><div class=\\"_blockContent_1c48ad\\" data-content-type=\\"paragraph\\" data-text-alignment=\\"center\\"><p class=\\"_inlineContent_1c48ad\\">Plain <span data-text-color=\\"red\\">Red Text </span><span data-background-color=\\"blue\\">Blue Background </span><span data-text-color=\\"red\\"><span data-background-color=\\"blue\\">Mixed Colors</span></span></p></div></div></div></div>"`;

exports[`Convert paragraphs to structured HTML > Convert styled paragraph to structured HTML 2`] = `"<div class=\\"_blockGroup_1c48ad\\" data-node-type=\\"blockGroup\\"><div data-text-color=\\"red\\" data-background-color=\\"blue\\" class=\\"_blockOuter_1c48ad\\" data-node-type=\\"block-outer\\"><div class=\\"_block_1c48ad\\" data-node-type=\\"blockContainer\\" data-text-color=\\"red\\" data-background-color=\\"blue\\"><div class=\\"_blockContent_1c48ad\\" data-content-type=\\"paragraph\\" data-text-alignment=\\"center\\"><p class=\\"_inlineContent_1c48ad\\">Plain <span data-text-color=\\"red\\">Red Text </span><span data-background-color=\\"blue\\">Blue Background </span><span data-text-color=\\"red\\"><span data-background-color=\\"blue\\">Mixed Colors</span></span></p></div></div></div></div>"`;

exports[`Convert paragraphs to structured HTML > Convert styled paragraph to structured HTML 3`] = `"<p class=\\"_inlineContent_1c48ad\\">Plain <span data-text-color=\\"red\\">Red Text </span><span data-background-color=\\"blue\\">Blue Background </span><span data-text-color=\\"red\\"><span data-background-color=\\"blue\\">Mixed Colors</span></span></p>"`;

exports[`Convert paragraphs to structured HTML > Convert styled paragraph to structured HTML 4`] = `"<p class=\\"_inlineContent_1c48ad\\">Plain <span data-text-color=\\"red\\">Red Text </span><span data-background-color=\\"blue\\">Blue Background </span><span data-text-color=\\"red\\"><span data-background-color=\\"blue\\">Mixed Colors</span></span></p>"`;

exports[`Convert simple images to structured HTML > Convert nested image to structured HTML 1`] = `"<div class=\\"_blockGroup_1c48ad\\" data-node-type=\\"blockGroup\\"><div class=\\"_blockOuter_1c48ad\\" data-node-type=\\"block-outer\\"><div class=\\"_block_1c48ad\\" data-node-type=\\"blockContainer\\"><div class=\\"_blockContent_1c48ad\\" data-content-type=\\"simpleImage\\" data-url=\\"exampleURL\\" data-caption=\\"Caption\\" data-width=\\"256\\"><div class=\\"_wrapper_1c48ad\\" style=\\"align-items: flex-start;\\"><div class=\\"_addImageButton_1c48ad\\" style=\\"display: none;\\"><div class=\\"_addImageButtonIcon_1c48ad\\"></div><p class=\\"_addImageButtonText_1c48ad\\"></p></div><div class=\\"_imageAndCaptionWrapper_1c48ad\\"><div class=\\"_imageWrapper_1c48ad\\"><img class=\\"_image_1c48ad\\" src=\\"exampleURL\\" alt=\\"placeholder\\" draggable=\\"false\\" style=\\"width: 0px;\\"><div class=\\"_resizeHandle_1c48ad\\" style=\\"left: 4px;\\"></div><div class=\\"_resizeHandle_1c48ad\\" style=\\"right: 4px;\\"></div></div><p class=\\"_caption_1c48ad\\" style=\\"padding: 4px;\\"></p></div></div></div><div class=\\"_blockGroup_1c48ad\\" data-node-type=\\"blockGroup\\"><div class=\\"_blockOuter_1c48ad\\" data-node-type=\\"block-outer\\"><div class=\\"_block_1c48ad\\" data-node-type=\\"blockContainer\\"><div class=\\"_blockContent_1c48ad\\" data-content-type=\\"simpleImage\\" data-url=\\"exampleURL\\" data-caption=\\"Caption\\" data-width=\\"256\\"><div class=\\"_wrapper_1c48ad\\" style=\\"align-items: flex-start;\\"><div class=\\"_addImageButton_1c48ad\\" style=\\"display: none;\\"><div class=\\"_addImageButtonIcon_1c48ad\\"></div><p class=\\"_addImageButtonText_1c48ad\\"></p></div><div class=\\"_imageAndCaptionWrapper_1c48ad\\"><div class=\\"_imageWrapper_1c48ad\\"><img class=\\"_image_1c48ad\\" src=\\"exampleURL\\" alt=\\"placeholder\\" draggable=\\"false\\" style=\\"width: 0px;\\"><div class=\\"_resizeHandle_1c48ad\\" style=\\"left: 4px;\\"></div><div class=\\"_resizeHandle_1c48ad\\" style=\\"right: 4px;\\"></div></div><p class=\\"_caption_1c48ad\\" style=\\"padding: 4px;\\"></p></div></div></div></div></div></div></div></div></div>"`;

exports[`Convert simple images to structured HTML > Convert nested image to structured HTML 2`] = `"<div class=\\"_blockGroup_1c48ad\\" data-node-type=\\"blockGroup\\"><div class=\\"_blockOuter_1c48ad\\" data-node-type=\\"block-outer\\"><div class=\\"_block_1c48ad\\" data-node-type=\\"blockContainer\\"><div class=\\"_blockContent_1c48ad\\" data-content-type=\\"simpleImage\\" data-url=\\"exampleURL\\" data-caption=\\"Caption\\" data-width=\\"256\\"><div class=\\"_wrapper_1c48ad\\" style=\\"align-items: flex-start;\\"><div class=\\"_addImageButton_1c48ad\\" style=\\"display: none;\\"><div class=\\"_addImageButtonIcon_1c48ad\\"></div><p class=\\"_addImageButtonText_1c48ad\\"></p></div><div class=\\"_imageAndCaptionWrapper_1c48ad\\"><div class=\\"_imageWrapper_1c48ad\\"><img class=\\"_image_1c48ad\\" src=\\"exampleURL\\" alt=\\"placeholder\\" draggable=\\"false\\" style=\\"width: 0px;\\"><div class=\\"_resizeHandle_1c48ad\\" style=\\"left: 4px;\\"></div><div class=\\"_resizeHandle_1c48ad\\" style=\\"right: 4px;\\"></div></div><p class=\\"_caption_1c48ad\\" style=\\"padding: 4px;\\"></p></div></div></div><div class=\\"_blockGroup_1c48ad\\" data-node-type=\\"blockGroup\\"><div class=\\"_blockOuter_1c48ad\\" data-node-type=\\"block-outer\\"><div class=\\"_block_1c48ad\\" data-node-type=\\"blockContainer\\"><div class=\\"_blockContent_1c48ad\\" data-content-type=\\"simpleImage\\" data-url=\\"exampleURL\\" data-caption=\\"Caption\\" data-width=\\"256\\"><div class=\\"_wrapper_1c48ad\\" style=\\"align-items: flex-start;\\"><div class=\\"_addImageButton_1c48ad\\" style=\\"display: none;\\"><div class=\\"_addImageButtonIcon_1c48ad\\"></div><p class=\\"_addImageButtonText_1c48ad\\"></p></div><div class=\\"_imageAndCaptionWrapper_1c48ad\\"><div class=\\"_imageWrapper_1c48ad\\"><img class=\\"_image_1c48ad\\" src=\\"exampleURL\\" alt=\\"placeholder\\" draggable=\\"false\\" style=\\"width: 0px;\\"><div class=\\"_resizeHandle_1c48ad\\" style=\\"left: 4px;\\"></div><div class=\\"_resizeHandle_1c48ad\\" style=\\"right: 4px;\\"></div></div><p class=\\"_caption_1c48ad\\" style=\\"padding: 4px;\\"></p></div></div></div></div></div></div></div></div></div>"`;

exports[`Convert simple images to structured HTML > Convert nested image to structured HTML 3`] = `"<div class=\\"_wrapper_1c48ad\\" style=\\"align-items: flex-start;\\"><div class=\\"_addImageButton_1c48ad\\" style=\\"display: none;\\"><div class=\\"_addImageButtonIcon_1c48ad\\"></div><p class=\\"_addImageButtonText_1c48ad\\"></p></div><div class=\\"_imageAndCaptionWrapper_1c48ad\\"><div class=\\"_imageWrapper_1c48ad\\"><img class=\\"_image_1c48ad\\" src=\\"exampleURL\\" alt=\\"placeholder\\" draggable=\\"false\\" style=\\"width: 0px;\\"><div class=\\"_resizeHandle_1c48ad\\" style=\\"left: 4px;\\"></div><div class=\\"_resizeHandle_1c48ad\\" style=\\"right: 4px;\\"></div></div><p class=\\"_caption_1c48ad\\" style=\\"padding: 4px;\\"></p></div></div><div class=\\"_wrapper_1c48ad\\" style=\\"align-items: flex-start;\\"><div class=\\"_addImageButton_1c48ad\\" style=\\"display: none;\\"><div class=\\"_addImageButtonIcon_1c48ad\\"></div><p class=\\"_addImageButtonText_1c48ad\\"></p></div><div class=\\"_imageAndCaptionWrapper_1c48ad\\"><div class=\\"_imageWrapper_1c48ad\\"><img class=\\"_image_1c48ad\\" src=\\"exampleURL\\" alt=\\"placeholder\\" draggable=\\"false\\" style=\\"width: 0px;\\"><div class=\\"_resizeHandle_1c48ad\\" style=\\"left: 4px;\\"></div><div class=\\"_resizeHandle_1c48ad\\" style=\\"right: 4px;\\"></div></div><p class=\\"_caption_1c48ad\\" style=\\"padding: 4px;\\"></p></div></div>"`;

exports[`Convert simple images to structured HTML > Convert nested image to structured HTML 4`] = `"<div class=\\"_wrapper_1c48ad\\" style=\\"align-items: flex-start;\\"><div class=\\"_addImageButton_1c48ad\\" style=\\"display: none;\\"><div class=\\"_addImageButtonIcon_1c48ad\\"></div><p class=\\"_addImageButtonText_1c48ad\\"></p></div><div class=\\"_imageAndCaptionWrapper_1c48ad\\"><div class=\\"_imageWrapper_1c48ad\\"><img class=\\"_image_1c48ad\\" src=\\"exampleURL\\" alt=\\"placeholder\\" draggable=\\"false\\" style=\\"width: 0px;\\"><div class=\\"_resizeHandle_1c48ad\\" style=\\"left: 4px;\\"></div><div class=\\"_resizeHandle_1c48ad\\" style=\\"right: 4px;\\"></div></div><p class=\\"_caption_1c48ad\\" style=\\"padding: 4px;\\"></p></div></div><div class=\\"_wrapper_1c48ad\\" style=\\"align-items: flex-start;\\"><div class=\\"_addImageButton_1c48ad\\" style=\\"display: none;\\"><div class=\\"_addImageButtonIcon_1c48ad\\"></div><p class=\\"_addImageButtonText_1c48ad\\"></p></div><div class=\\"_imageAndCaptionWrapper_1c48ad\\"><div class=\\"_imageWrapper_1c48ad\\"><img class=\\"_image_1c48ad\\" src=\\"exampleURL\\" alt=\\"placeholder\\" draggable=\\"false\\" style=\\"width: 0px;\\"><div class=\\"_resizeHandle_1c48ad\\" style=\\"left: 4px;\\"></div><div class=\\"_resizeHandle_1c48ad\\" style=\\"right: 4px;\\"></div></div><p class=\\"_caption_1c48ad\\" style=\\"padding: 4px;\\"></p></div></div>"`;

exports[`Convert simple images to structured HTML > Convert simple add image button to structured HTML 1`] = `"<div class=\\"_blockGroup_1c48ad\\" data-node-type=\\"blockGroup\\"><div class=\\"_blockOuter_1c48ad\\" data-node-type=\\"block-outer\\"><div class=\\"_block_1c48ad\\" data-node-type=\\"blockContainer\\"><div class=\\"_blockContent_1c48ad\\" data-content-type=\\"simpleImage\\"><div class=\\"_wrapper_1c48ad\\" style=\\"align-items: flex-start;\\"><div class=\\"_addImageButton_1c48ad\\"><div class=\\"_addImageButtonIcon_1c48ad\\"></div><p class=\\"_addImageButtonText_1c48ad\\"></p></div><div class=\\"_imageAndCaptionWrapper_1c48ad\\" style=\\"display: none;\\"><div class=\\"_imageWrapper_1c48ad\\" style=\\"display: none;\\"><img class=\\"_image_1c48ad\\" src=\\"\\" alt=\\"placeholder\\" draggable=\\"false\\" style=\\"width: 0px;\\"><div class=\\"_resizeHandle_1c48ad\\" style=\\"left: 4px;\\"></div><div class=\\"_resizeHandle_1c48ad\\" style=\\"right: 4px;\\"></div></div><p class=\\"_caption_1c48ad\\"></p></div></div></div></div></div></div>"`;

exports[`Convert simple images to structured HTML > Convert simple add image button to structured HTML 2`] = `"<div class=\\"_blockGroup_1c48ad\\" data-node-type=\\"blockGroup\\"><div class=\\"_blockOuter_1c48ad\\" data-node-type=\\"block-outer\\"><div class=\\"_block_1c48ad\\" data-node-type=\\"blockContainer\\"><div class=\\"_blockContent_1c48ad\\" data-content-type=\\"simpleImage\\"><div class=\\"_wrapper_1c48ad\\" style=\\"align-items: flex-start;\\"><div class=\\"_addImageButton_1c48ad\\"><div class=\\"_addImageButtonIcon_1c48ad\\"></div><p class=\\"_addImageButtonText_1c48ad\\"></p></div><div class=\\"_imageAndCaptionWrapper_1c48ad\\" style=\\"display: none;\\"><div class=\\"_imageWrapper_1c48ad\\" style=\\"display: none;\\"><img class=\\"_image_1c48ad\\" src=\\"\\" alt=\\"placeholder\\" draggable=\\"false\\" style=\\"width: 0px;\\"><div class=\\"_resizeHandle_1c48ad\\" style=\\"left: 4px;\\"></div><div class=\\"_resizeHandle_1c48ad\\" style=\\"right: 4px;\\"></div></div><p class=\\"_caption_1c48ad\\"></p></div></div></div></div></div></div>"`;

exports[`Convert simple images to structured HTML > Convert simple add image button to structured HTML 3`] = `"<div class=\\"_wrapper_1c48ad\\" style=\\"align-items: flex-start;\\"><div class=\\"_addImageButton_1c48ad\\"><div class=\\"_addImageButtonIcon_1c48ad\\"></div><p class=\\"_addImageButtonText_1c48ad\\"></p></div><div class=\\"_imageAndCaptionWrapper_1c48ad\\" style=\\"display: none;\\"><div class=\\"_imageWrapper_1c48ad\\" style=\\"display: none;\\"><img class=\\"_image_1c48ad\\" src=\\"\\" alt=\\"placeholder\\" draggable=\\"false\\" style=\\"width: 0px;\\"><div class=\\"_resizeHandle_1c48ad\\" style=\\"left: 4px;\\"></div><div class=\\"_resizeHandle_1c48ad\\" style=\\"right: 4px;\\"></div></div><p class=\\"_caption_1c48ad\\"></p></div></div>"`;

exports[`Convert simple images to structured HTML > Convert simple add image button to structured HTML 4`] = `"<div class=\\"_wrapper_1c48ad\\" style=\\"align-items: flex-start;\\"><div class=\\"_addImageButton_1c48ad\\"><div class=\\"_addImageButtonIcon_1c48ad\\"></div><p class=\\"_addImageButtonText_1c48ad\\"></p></div><div class=\\"_imageAndCaptionWrapper_1c48ad\\" style=\\"display: none;\\"><div class=\\"_imageWrapper_1c48ad\\" style=\\"display: none;\\"><img class=\\"_image_1c48ad\\" src=\\"\\" alt=\\"placeholder\\" draggable=\\"false\\" style=\\"width: 0px;\\"><div class=\\"_resizeHandle_1c48ad\\" style=\\"left: 4px;\\"></div><div class=\\"_resizeHandle_1c48ad\\" style=\\"right: 4px;\\"></div></div><p class=\\"_caption_1c48ad\\"></p></div></div>"`;

exports[`Convert simple images to structured HTML > Convert simple image to structured HTML 1`] = `"<div class=\\"_blockGroup_1c48ad\\" data-node-type=\\"blockGroup\\"><div class=\\"_blockOuter_1c48ad\\" data-node-type=\\"block-outer\\"><div class=\\"_block_1c48ad\\" data-node-type=\\"blockContainer\\"><div class=\\"_blockContent_1c48ad\\" data-content-type=\\"simpleImage\\" data-url=\\"exampleURL\\" data-caption=\\"Caption\\" data-width=\\"256\\"><div class=\\"_wrapper_1c48ad\\" style=\\"align-items: flex-start;\\"><div class=\\"_addImageButton_1c48ad\\" style=\\"display: none;\\"><div class=\\"_addImageButtonIcon_1c48ad\\"></div><p class=\\"_addImageButtonText_1c48ad\\"></p></div><div class=\\"_imageAndCaptionWrapper_1c48ad\\"><div class=\\"_imageWrapper_1c48ad\\"><img class=\\"_image_1c48ad\\" src=\\"exampleURL\\" alt=\\"placeholder\\" draggable=\\"false\\" style=\\"width: 0px;\\"><div class=\\"_resizeHandle_1c48ad\\" style=\\"left: 4px;\\"></div><div class=\\"_resizeHandle_1c48ad\\" style=\\"right: 4px;\\"></div></div><p class=\\"_caption_1c48ad\\" style=\\"padding: 4px;\\"></p></div></div></div></div></div></div>"`;

exports[`Convert simple images to structured HTML > Convert simple image to structured HTML 2`] = `"<div class=\\"_blockGroup_1c48ad\\" data-node-type=\\"blockGroup\\"><div class=\\"_blockOuter_1c48ad\\" data-node-type=\\"block-outer\\"><div class=\\"_block_1c48ad\\" data-node-type=\\"blockContainer\\"><div class=\\"_blockContent_1c48ad\\" data-content-type=\\"simpleImage\\" data-url=\\"exampleURL\\" data-caption=\\"Caption\\" data-width=\\"256\\"><div class=\\"_wrapper_1c48ad\\" style=\\"align-items: flex-start;\\"><div class=\\"_addImageButton_1c48ad\\" style=\\"display: none;\\"><div class=\\"_addImageButtonIcon_1c48ad\\"></div><p class=\\"_addImageButtonText_1c48ad\\"></p></div><div class=\\"_imageAndCaptionWrapper_1c48ad\\"><div class=\\"_imageWrapper_1c48ad\\"><img class=\\"_image_1c48ad\\" src=\\"exampleURL\\" alt=\\"placeholder\\" draggable=\\"false\\" style=\\"width: 0px;\\"><div class=\\"_resizeHandle_1c48ad\\" style=\\"left: 4px;\\"></div><div class=\\"_resizeHandle_1c48ad\\" style=\\"right: 4px;\\"></div></div><p class=\\"_caption_1c48ad\\" style=\\"padding: 4px;\\"></p></div></div></div></div></div></div>"`;

exports[`Convert simple images to structured HTML > Convert simple image to structured HTML 3`] = `"<div class=\\"_wrapper_1c48ad\\" style=\\"align-items: flex-start;\\"><div class=\\"_addImageButton_1c48ad\\" style=\\"display: none;\\"><div class=\\"_addImageButtonIcon_1c48ad\\"></div><p class=\\"_addImageButtonText_1c48ad\\"></p></div><div class=\\"_imageAndCaptionWrapper_1c48ad\\"><div class=\\"_imageWrapper_1c48ad\\"><img class=\\"_image_1c48ad\\" src=\\"exampleURL\\" alt=\\"placeholder\\" draggable=\\"false\\" style=\\"width: 0px;\\"><div class=\\"_resizeHandle_1c48ad\\" style=\\"left: 4px;\\"></div><div class=\\"_resizeHandle_1c48ad\\" style=\\"right: 4px;\\"></div></div><p class=\\"_caption_1c48ad\\" style=\\"padding: 4px;\\"></p></div></div>"`;

exports[`Convert simple images to structured HTML > Convert simple image to structured HTML 4`] = `"<div class=\\"_wrapper_1c48ad\\" style=\\"align-items: flex-start;\\"><div class=\\"_addImageButton_1c48ad\\" style=\\"display: none;\\"><div class=\\"_addImageButtonIcon_1c48ad\\"></div><p class=\\"_addImageButtonText_1c48ad\\"></p></div><div class=\\"_imageAndCaptionWrapper_1c48ad\\"><div class=\\"_imageWrapper_1c48ad\\"><img class=\\"_image_1c48ad\\" src=\\"exampleURL\\" alt=\\"placeholder\\" draggable=\\"false\\" style=\\"width: 0px;\\"><div class=\\"_resizeHandle_1c48ad\\" style=\\"left: 4px;\\"></div><div class=\\"_resizeHandle_1c48ad\\" style=\\"right: 4px;\\"></div></div><p class=\\"_caption_1c48ad\\" style=\\"padding: 4px;\\"></p></div></div>"`;
