<div class="_blockGroup_1c48ad" data-node-type="blockGroup"><div class="_blockOuter_1c48ad" data-node-type="block-outer"><div class="_block_1c48ad" data-node-type="blockContainer"><div class="_blockContent_1c48ad" data-content-type="simpleImage" data-url="exampleURL" data-caption="Caption" data-width="256"><div class="_wrapper_1c48ad" style="align-items: flex-start;"><div class="_addImageButton_1c48ad" style="display: none;"><div class="_addImageButtonIcon_1c48ad"></div><p class="_addImageButtonText_1c48ad"></p></div><div class="_imageAndCaptionWrapper_1c48ad"><div class="_imageWrapper_1c48ad"><img class="_image_1c48ad" src="exampleURL" alt="placeholder" draggable="false" style="width: 0px;"><div class="_resizeHandle_1c48ad" style="left: 4px;"></div><div class="_resizeHandle_1c48ad" style="right: 4px;"></div></div><p class="_caption_1c48ad" style="padding: 4px;"></p></div></div></div><div class="_blockGroup_1c48ad" data-node-type="blockGroup"><div class="_blockOuter_1c48ad" data-node-type="block-outer"><div class="_block_1c48ad" data-node-type="blockContainer"><div class="_blockContent_1c48ad" data-content-type="simpleImage" data-url="exampleURL" data-caption="Caption" data-width="256"><div class="_wrapper_1c48ad" style="align-items: flex-start;"><div class="_addImageButton_1c48ad" style="display: none;"><div class="_addImageButtonIcon_1c48ad"></div><p class="_addImageButtonText_1c48ad"></p></div><div class="_imageAndCaptionWrapper_1c48ad"><div class="_imageWrapper_1c48ad"><img class="_image_1c48ad" src="exampleURL" alt="placeholder" draggable="false" style="width: 0px;"><div class="_resizeHandle_1c48ad" style="left: 4px;"></div><div class="_resizeHandle_1c48ad" style="right: 4px;"></div></div><p class="_caption_1c48ad" style="padding: 4px;"></p></div></div></div></div></div></div></div></div></div>