<div class="_wrapper_1c48ad" style="align-items: flex-start;"><div class="_addImageButton_1c48ad" style="display: none;"><div class="_addImageButtonIcon_1c48ad"></div><p class="_addImageButtonText_1c48ad"></p></div><div class="_imageAndCaptionWrapper_1c48ad"><div class="_imageWrapper_1c48ad"><img class="_image_1c48ad" src="exampleURL" alt="placeholder" draggable="false" style="width: 0px;"><div class="_resizeHandle_1c48ad" style="left: 4px;"></div><div class="_resizeHandle_1c48ad" style="right: 4px;"></div></div><p class="_caption_1c48ad" style="padding: 4px;"></p></div></div>