<figure><embed src="exampleURL"><figcaption>Caption</figcaption></figure><figure><embed src="exampleURL"><figcaption>Caption</figcaption></figure>