[
  {
    "id": "1",
    "type": "bulletListItem",
    "props": {
      "textColor": "default",
      "backgroundColor": "default",
      "textAlignment": "left"
    },
    "content": [
      {
        "type": "text",
        "text": "Paragraph Heading 1",
        "styles": {}
      }
    ],
    "children": []
  },
  {
    "id": "2",
    "type": "paragraph",
    "props": {
      "textColor": "default",
      "backgroundColor": "default",
      "textAlignment": "left"
    },
    "content": [
      {
        "type": "text",
        "text": "Div",
        "styles": {}
      }
    ],
    "children": [
      {
        "id": "3",
        "type": "bulletListItem",
        "props": {
          "textColor": "default",
          "backgroundColor": "default",
          "textAlignment": "left"
        },
        "content": [
          {
            "type": "text",
            "text": "Paragraph Heading 1",
            "styles": {}
          }
        ],
        "children": []
      },
      {
        "id": "4",
        "type": "paragraph",
        "props": {
          "textColor": "default",
          "backgroundColor": "default",
          "textAlignment": "left"
        },
        "content": [
          {
            "type": "text",
            "text": "Div",
            "styles": {}
          }
        ],
        "children": []
      }
    ]
  }
]