[
  {
    "id": "1",
    "type": "file",
    "props": {
      "backgroundColor": "default",
      "textAlignment": "left",
      "fileType": "image",
      "url": "exampleURL",
      "caption": "",
      "previewWidth": 512
    },
    "children": []
  },
  {
    "id": "2",
    "type": "paragraph",
    "props": {
      "textColor": "default",
      "backgroundColor": "default",
      "textAlignment": "left"
    },
    "content": [
      {
        "type": "text",
        "text": "Image Caption",
        "styles": {}
      }
    ],
    "children": []
  }
]