<div class="wrapper" style="align-items: flex-start;"><div class="addImageButton"><div class="addImageButtonIcon"></div><p class="addImageButtonText"></p></div><div class="imageAndCaptionWrapper" style="display: none;"><div class="imageWrapper" style="display: none;"><img class="image" src="" alt="placeholder" draggable="false" style="width: 0px;"><div class="resizeHandle" style="left: 4px;"></div><div class="resizeHandle" style="right: 4px;"></div></div><p class="caption"></p></div></div>