<p as="p" class="simple-react-custom-paragraph bn-inline-content" data-node-view-content="" style="white-space:pre-wrap">React Custom Paragraph</p>