<p as="p" class="simple-react-custom-paragraph bn-inline-content" data-node-view-content="" style="white-space:pre-wrap">Custom React Paragraph</p><p as="p" class="simple-react-custom-paragraph bn-inline-content" data-node-view-content="" style="white-space:pre-wrap">Nested React Custom Paragraph 1</p><p as="p" class="simple-react-custom-paragraph bn-inline-content" data-node-view-content="" style="white-space:pre-wrap">Nested React Custom Paragraph 2</p>