<ul><li><p class="bn-inline-content">Bullet List Item 1</p></li><li><p class="bn-inline-content">Bullet List Item 2</p><ol><li><p class="bn-inline-content">Numbered List Item 1</p></li><li><p class="bn-inline-content">Numbered List Item 2</p><ul><li><div><input type="checkbox"><p class="bn-inline-content">Check List Item 1</p></div></li><li><div><input type="checkbox" checked><p class="bn-inline-content">Check List Item 2</p></div></li></ul></li></ol></li></ul>