<div class="bn-block-group" data-node-type="blockGroup"><div class="bn-block-outer" data-node-type="blockOuter" data-id="1"><div class="bn-block" data-node-type="blockContainer" data-id="1"><div class="bn-block-content" data-content-type="reactFile" data-file-type="image" data-url="exampleURL" data-caption="Caption" data-preview-width="256" data-node-view-wrapper="" style="white-space: normal;"><div class="bn-file-block-content-wrapper"><div class="bn-file-and-caption-wrapper"><div class="bn-image-wrapper"><img class="bn-image" src="exampleURL" alt="Caption" contenteditable="false" draggable="false" width="256"></div><p class="bn-file-caption" style="padding-block: 4px;">Caption</p></div></div></div></div></div></div>