<p class="bn-inline-content simple-custom-paragraph">Custom Paragraph</p><p class="bn-inline-content simple-custom-paragraph">Nested Custom Paragraph 1</p><p class="bn-inline-content simple-custom-paragraph">Nested Custom Paragraph 2</p>