<p class="bn-inline-content simple-custom-paragraph">Custom Paragraph</p>