<p class="bn-inline-content"><span style="font-size: 18px;">This is text with a custom fontSize</span></p>