<p as="p" class="simple-react-custom-paragraph bn-inline-content" data-node-view-content="" style="white-space:pre-wrap">Plain <span data-text-color="red">Red Text </span><span data-background-color="blue">Blue Background </span><span data-text-color="red"><span data-background-color="blue">Mixed Colors</span></span></p>