<figure><img src="exampleURL" width="256" alt="Caption"><figcaption>Caption</figcaption></figure><figure><img src="exampleURL" width="256" alt="Caption"><figcaption>Caption</figcaption></figure>