<div class="bn-block-group" data-node-type="blockGroup"><div class="bn-block-outer" data-node-type="blockOuter" data-id="1"><div class="bn-block" data-node-type="blockContainer" data-id="1"><div class="bn-block-content" data-content-type="file" data-file-type="image" data-url="exampleURL" data-caption="Caption" data-preview-width="256"><div class="bn-file-block-content-wrapper"><div class="bn-file-and-caption-wrapper"><div class="bn-image-wrapper"><img class="bn-image" src="exampleURL" alt="Caption" draggable="false" width="0"></div><p class="bn-file-caption">Caption</p></div></div></div><div class="bn-block-group" data-node-type="blockGroup"><div class="bn-block-outer" data-node-type="blockOuter" data-id="2"><div class="bn-block" data-node-type="blockContainer" data-id="2"><div class="bn-block-content" data-content-type="file" data-file-type="image" data-url="exampleURL" data-caption="Caption" data-preview-width="256"><div class="bn-file-block-content-wrapper"><div class="bn-file-and-caption-wrapper"><div class="bn-image-wrapper"><img class="bn-image" src="exampleURL" alt="Caption" draggable="false" width="0"></div><p class="bn-file-caption">Caption</p></div></div></div></div></div></div></div></div></div>