<ul><li><p class="bn-inline-content">Bullet List Item 1</p></li><li><p class="bn-inline-content">Bullet List Item 2</p></li></ul><ol><li><p class="bn-inline-content">Numbered List Item 1</p></li><li><p class="bn-inline-content">Numbered List Item 2</p></li></ol><div><input type="checkbox"><span class="bn-inline-content">Check List Item 1</span></div><div><input type="checkbox"><span class="bn-inline-content">Check List Item 2</span></div>