<div class="blockGroup" data-node-type="blockGroup"><div data-id="1" class="blockOuter" data-node-type="block-outer"><div class="block" data-node-type="blockContainer" data-id="1"><div class="blockContent" data-content-type="simpleImage" data-url="exampleURL" data-caption="Caption" data-width="256"><div class="wrapper" style="align-items: flex-start;"><div class="addImageButton" style="display: none;"><div class="addImageButtonIcon"></div><p class="addImageButtonText"></p></div><div class="imageAndCaptionWrapper"><div class="imageWrapper"><img class="image" src="exampleURL" alt="placeholder" draggable="false" style="width: 0px;"><div class="resizeHandle" style="left: 4px;"></div><div class="resizeHandle" style="right: 4px;"></div></div><p class="caption" style="padding: 4px;"></p></div></div></div><div class="blockGroup" data-node-type="blockGroup"><div data-id="2" class="blockOuter" data-node-type="block-outer"><div class="block" data-node-type="blockContainer" data-id="2"><div class="blockContent" data-content-type="simpleImage" data-url="exampleURL" data-caption="Caption" data-width="256"><div class="wrapper" style="align-items: flex-start;"><div class="addImageButton" style="display: none;"><div class="addImageButtonIcon"></div><p class="addImageButtonText"></p></div><div class="imageAndCaptionWrapper"><div class="imageWrapper"><img class="image" src="exampleURL" alt="placeholder" draggable="false" style="width: 0px;"><div class="resizeHandle" style="left: 4px;"></div><div class="resizeHandle" style="right: 4px;"></div></div><p class="caption" style="padding: 4px;"></p></div></div></div></div></div></div></div></div></div>