<p class="bn-inline-content"><small>This is a small text</small></p>